Lock {
    nodes: {
        "nixpkgs": Node {
            flake: None,
            locked: Some(
                Git {
                    type: "github",
                    owner: Some(
                        "NixOS",
                    ),
                    repo: Some(
                        "nixpkgs",
                    ),
                    rev: "c601d56e19dd2ed71b23d8aa76be8437d043d4c5",
                    nar_hash: "sha256-m4MOSt6wvdkQV5FRstpaxGrWb+cr5V3fNTQHN07EL7I=",
                    last_modified: Some(
                        1624377671,
                    ),
                },
            ),
            inputs: None,
        },
        "root": Node {
            flake: None,
            locked: None,
            inputs: Some(
                {
                    "nixpkgs": Simple(
                        "nixpkgs",
                    ),
                },
            ),
        },
    },
    version: 7,
    root: "root",
}