LockDiff(
    {
        "nixpkgs": Update {
            old: Git {
                type: "github",
                owner: Some(
                    "NixOS",
                ),
                repo: Some(
                    "nixpkgs",
                ),
                rev: "c601d56e19dd2ed71b23d8aa76be8437d043d4c5",
                nar_hash: "sha256-m4MOSt6wvdkQV5FRstpaxGrWb+cr5V3fNTQHN07EL7I=",
                last_modified: Some(
                    1624377671,
                ),
            },
            new: Git {
                type: "github",
                owner: Some(
                    "nixos",
                ),
                repo: Some(
                    "nixpkgs",
                ),
                rev: "84d74ae9c9cbed73274b8e4e00be14688ffc93fe",
                nar_hash: "sha256-G3RUAi2DUq6r3ntASLS+LZC/Eamot55W1+xmBOgEh3M=",
                last_modified: Some(
                    1601171649,
                ),
            },
        },
    },
)